Flow report for riptide_rom_programmer
Sat Jan 15 21:26:19 2022
Quartus Prime Version 18.1.0 Build 625 09/12/2018 SJ Lite Edition


---------------------
; Table of Contents ;
---------------------
  1. Legal Notice
  2. Flow Summary
  3. Flow Settings
  4. Flow Non-Default Global Settings
  5. Flow Elapsed Time
  6. Flow OS Summary
  7. Flow Log
  8. Flow Messages
  9. Flow Suppressed Messages



----------------
; Legal Notice ;
----------------
Copyright (C) 2018  Intel Corporation. All rights reserved.
Your use of Intel Corporation's design tools, logic functions 
and other software and tools, and its AMPP partner logic 
functions, and any output files from any of the foregoing 
(including device programming or simulation files), and any 
associated documentation or information are expressly subject 
to the terms and conditions of the Intel Program License 
Subscription Agreement, the Intel Quartus Prime License Agreement,
the Intel FPGA IP License Agreement, or other applicable license
agreement, including, without limitation, that your use is for
the sole purpose of programming logic devices manufactured by
Intel and sold by Intel or its authorized distributors.  Please
refer to the applicable agreement for further details.



+----------------------------------------------------------------------------------+
; Flow Summary                                                                     ;
+------------------------------------+---------------------------------------------+
; Flow Status                        ; Successful - Sat Jan 15 21:26:19 2022       ;
; Quartus Prime Version              ; 18.1.0 Build 625 09/12/2018 SJ Lite Edition ;
; Revision Name                      ; riptide_rom_programmer                      ;
; Top-level Entity Name              ; R3_programmer                               ;
; Family                             ; Cyclone IV E                                ;
; Device                             ; EP4CE6E22C8                                 ;
; Timing Models                      ; Final                                       ;
; Total logic elements               ; 1,618 / 6,272 ( 26 % )                      ;
;     Total combinational functions  ; 1,322 / 6,272 ( 21 % )                      ;
;     Dedicated logic registers      ; 1,153 / 6,272 ( 18 % )                      ;
; Total registers                    ; 1153                                        ;
; Total pins                         ; 14 / 92 ( 15 % )                            ;
; Total virtual pins                 ; 0                                           ;
; Total memory bits                  ; 131,072 / 276,480 ( 47 % )                  ;
; Embedded Multiplier 9-bit elements ; 0 / 30 ( 0 % )                              ;
; Total PLLs                         ; 1 / 2 ( 50 % )                              ;
+------------------------------------+---------------------------------------------+


+--------------------------------------------+
; Flow Settings                              ;
+-------------------+------------------------+
; Option            ; Setting                ;
+-------------------+------------------------+
; Start date & time ; 01/15/2022 21:25:23    ;
; Main task         ; Compilation            ;
; Revision Name     ; riptide_rom_programmer ;
+-------------------+------------------------+


+-----------------------------------------------------------------------------------------------------------------------------------------+
; Flow Non-Default Global Settings                                                                                                        ;
+--------------------------------------+----------------------------------------+------------------------+---------------+----------------+
; Assignment Name                      ; Value                                  ; Default Value          ; Entity Name   ; Section Id     ;
+--------------------------------------+----------------------------------------+------------------------+---------------+----------------+
; COMPILER_SIGNATURE_ID                ; 113780617491.164230352201456           ; --                     ; --            ; --             ;
; EDA_DESIGN_INSTANCE_NAME             ; NA                                     ; --                     ; --            ; Testbench      ;
; EDA_NATIVELINK_SIMULATION_TEST_BENCH ; Testbench                              ; --                     ; --            ; eda_simulation ;
; EDA_OUTPUT_DATA_FORMAT               ; Systemverilog Hdl                      ; --                     ; --            ; eda_simulation ;
; EDA_SIMULATION_TOOL                  ; ModelSim-Altera (SystemVerilog)        ; <None>                 ; --            ; --             ;
; EDA_TEST_BENCH_ENABLE_STATUS         ; TEST_BENCH_MODE                        ; --                     ; --            ; eda_simulation ;
; EDA_TEST_BENCH_FILE                  ; data_ram.qip                           ; --                     ; --            ; Testbench      ;
; EDA_TEST_BENCH_FILE                  ; data_ram.v                             ; --                     ; --            ; Testbench      ;
; EDA_TEST_BENCH_FILE                  ; I2C_phy.sv                             ; --                     ; --            ; Testbench      ;
; EDA_TEST_BENCH_FILE                  ; I2C_ri.sv                              ; --                     ; --            ; Testbench      ;
; EDA_TEST_BENCH_FILE                  ; interrupt_controller.sv                ; --                     ; --            ; Testbench      ;
; EDA_TEST_BENCH_FILE                  ; PLL0.ppf                               ; --                     ; --            ; Testbench      ;
; EDA_TEST_BENCH_FILE                  ; PLL0.qip                               ; --                     ; --            ; Testbench      ;
; EDA_TEST_BENCH_FILE                  ; PLL0.v                                 ; --                     ; --            ; Testbench      ;
; EDA_TEST_BENCH_FILE                  ; program_rom.qip                        ; --                     ; --            ; Testbench      ;
; EDA_TEST_BENCH_FILE                  ; program_rom.v                          ; --                     ; --            ; Testbench      ;
; EDA_TEST_BENCH_FILE                  ; riptide_rom_programmer.mif             ; --                     ; --            ; Testbench      ;
; EDA_TEST_BENCH_FILE                  ; serial.sv                              ; --                     ; --            ; Testbench      ;
; EDA_TEST_BENCH_FILE                  ; testbench.sv                           ; --                     ; --            ; Testbench      ;
; EDA_TEST_BENCH_FILE                  ; timer.sv                               ; --                     ; --            ; Testbench      ;
; EDA_TEST_BENCH_FILE                  ; toplevel.v                             ; --                     ; --            ; Testbench      ;
; EDA_TEST_BENCH_FILE                  ; UART.sv                                ; --                     ; --            ; Testbench      ;
; EDA_TEST_BENCH_MODULE_NAME           ; Testbench                              ; --                     ; --            ; Testbench      ;
; EDA_TEST_BENCH_NAME                  ; Testbench                              ; --                     ; --            ; eda_simulation ;
; EDA_TEST_BENCH_RUN_SIM_FOR           ; 1 us                                   ; --                     ; --            ; Testbench      ;
; EDA_TIME_SCALE                       ; 1 ps                                   ; --                     ; --            ; eda_simulation ;
; INFER_RAMS_FROM_RAW_LOGIC            ; Off                                    ; On                     ; --            ; --             ;
; MAX_CORE_JUNCTION_TEMP               ; 85                                     ; --                     ; --            ; --             ;
; MIN_CORE_JUNCTION_TEMP               ; 0                                      ; --                     ; --            ; --             ;
; MISC_FILE                            ; PLL0.ppf                               ; --                     ; --            ; --             ;
; NOMINAL_CORE_SUPPLY_VOLTAGE          ; 1.2V                                   ; --                     ; --            ; --             ;
; NUM_PARALLEL_PROCESSORS              ; 8                                      ; --                     ; --            ; --             ;
; OUTPUT_IO_TIMING_FAR_END_VMEAS       ; Half Signal Swing                      ; --                     ; --            ; --             ;
; OUTPUT_IO_TIMING_FAR_END_VMEAS       ; Half Signal Swing                      ; --                     ; --            ; --             ;
; OUTPUT_IO_TIMING_NEAR_END_VMEAS      ; Half Vccio                             ; --                     ; --            ; --             ;
; OUTPUT_IO_TIMING_NEAR_END_VMEAS      ; Half Vccio                             ; --                     ; --            ; --             ;
; PARTITION_COLOR                      ; -- (Not supported for targeted family) ; --                     ; R3_programmer ; Top            ;
; PARTITION_FITTER_PRESERVATION_LEVEL  ; -- (Not supported for targeted family) ; --                     ; R3_programmer ; Top            ;
; PARTITION_NETLIST_TYPE               ; -- (Not supported for targeted family) ; --                     ; R3_programmer ; Top            ;
; POWER_BOARD_THERMAL_MODEL            ; None (CONSERVATIVE)                    ; --                     ; --            ; --             ;
; POWER_PRESET_COOLING_SOLUTION        ; 23 MM HEAT SINK WITH 200 LFPM AIRFLOW  ; --                     ; --            ; --             ;
; PROJECT_OUTPUT_DIRECTORY             ; output_files                           ; --                     ; --            ; --             ;
; TOP_LEVEL_ENTITY                     ; R3_programmer                          ; riptide_rom_programmer ; --            ; --             ;
+--------------------------------------+----------------------------------------+------------------------+---------------+----------------+


+--------------------------------------------------------------------------------------------------------------------------+
; Flow Elapsed Time                                                                                                        ;
+----------------------+--------------+-------------------------+---------------------+------------------------------------+
; Module Name          ; Elapsed Time ; Average Processors Used ; Peak Virtual Memory ; Total CPU Time (on all processors) ;
+----------------------+--------------+-------------------------+---------------------+------------------------------------+
; Analysis & Synthesis ; 00:00:24     ; 1.0                     ; 684 MB              ; 00:00:52                           ;
; Fitter               ; 00:00:15     ; 1.3                     ; 1608 MB             ; 00:00:24                           ;
; Assembler            ; 00:00:01     ; 1.0                     ; 541 MB              ; 00:00:02                           ;
; Timing Analyzer      ; 00:00:04     ; 1.4                     ; 682 MB              ; 00:00:05                           ;
; EDA Netlist Writer   ; 00:00:04     ; 1.0                     ; 527 MB              ; 00:00:04                           ;
; Total                ; 00:00:48     ; --                      ; --                  ; 00:01:27                           ;
+----------------------+--------------+-------------------------+---------------------+------------------------------------+


+-------------------------------------------------------------------------------------+
; Flow OS Summary                                                                     ;
+----------------------+------------------+-------------+------------+----------------+
; Module Name          ; Machine Hostname ; OS Name     ; OS Version ; Processor type ;
+----------------------+------------------+-------------+------------+----------------+
; Analysis & Synthesis ; WIN-5N11DQU3IJO  ; Windows 8.1 ; 6.3        ; x86_64         ;
; Fitter               ; WIN-5N11DQU3IJO  ; Windows 8.1 ; 6.3        ; x86_64         ;
; Assembler            ; WIN-5N11DQU3IJO  ; Windows 8.1 ; 6.3        ; x86_64         ;
; Timing Analyzer      ; WIN-5N11DQU3IJO  ; Windows 8.1 ; 6.3        ; x86_64         ;
; EDA Netlist Writer   ; WIN-5N11DQU3IJO  ; Windows 8.1 ; 6.3        ; x86_64         ;
+----------------------+------------------+-------------+------------+----------------+


------------
; Flow Log ;
------------
quartus_map --read_settings_files=on --write_settings_files=off riptide_rom_programmer -c riptide_rom_programmer
quartus_fit --read_settings_files=off --write_settings_files=off riptide_rom_programmer -c riptide_rom_programmer
quartus_asm --read_settings_files=off --write_settings_files=off riptide_rom_programmer -c riptide_rom_programmer
quartus_sta riptide_rom_programmer -c riptide_rom_programmer
quartus_eda --read_settings_files=off --write_settings_files=off riptide_rom_programmer -c riptide_rom_programmer



